// Jest Snapshot v1, https://goo.gl/fbAQLP

exports[`Navbar Should render and match snapshot 1`] = `
<div
  className="navbar"
>
  <div
    className="navbar__buttons"
  >
    <div
      className="navbar__buttons_button active_button"
      onClick={[Function]}
      testid="test"
    >
      Trending
    </div>
    <div
      className="navbar__buttons_button"
      onClick={[Function]}
      testid="test"
    >
      Top Rated
    </div>
    <div
      className="navbar__buttons_button"
      onClick={[Function]}
      testid="test"
    >
      Upcoming
    </div>
  </div>
  <div
    className="select"
  >
    <div
      className="select__button"
      onClick={[Function]}
      testid="1"
    >
      <span
        className="select__button_text"
      />
      <svg
        aria-hidden="true"
        className="svg-inline--fa fa-chevron-circle-down fa-w-16 select__button_arrow"
        data-icon="chevron-circle-down"
        data-prefix="fas"
        focusable="false"
        role="img"
        style={Object {}}
        viewBox="0 0 512 512"
        xmlns="http://www.w3.org/2000/svg"
      >
        <path
          d="M504 256c0 137-111 248-248 248S8 393 8 256 119 8 256 8s248 111 248 248zM273 369.9l135.5-135.5c9.4-9.4 9.4-24.6 0-33.9l-17-17c-9.4-9.4-24.6-9.4-33.9 0L256 285.1 154.4 183.5c-9.4-9.4-24.6-9.4-33.9 0l-17 17c-9.4 9.4-9.4 24.6 0 33.9L239 369.9c9.4 9.4 24.6 9.4 34 0z"
          fill="currentColor"
          style={Object {}}
        />
      </svg>
    </div>
  </div>
</div>
`;
