// Jest Snapshot v1, https://goo.gl/fbAQLP

exports[`Info Should render and match snapshot 1`] = `
<div
  className="info"
  onClick={[Function]}
>
  <div
    className="info__about"
  >
    <div
      className="info__about_title"
    >
      title
    </div>
    <div
      className="vote"
    >
      5
    </div>
  </div>
  <div
    className="info__genres"
  >
    Action, Adventure, Animation
  </div>
</div>
`;
