// Jest Snapshot v1, https://goo.gl/fbAQLP

exports[`Button Should render and match snapshot 1`] = `
<button
  className="button primary"
  onClick={
    [MockFunction] {
      "calls": Array [
        Array [],
      ],
      "results": Array [
        Object {
          "type": "return",
          "value": undefined,
        },
      ],
    }
  }
>
  Button
</button>
`;
